// Jest Snapshot v1, https://goo.gl/fbAQLP

exports[`should render NotFoundPage correctly 1`] = `
<div>
  <h1>
    404 - 
    <Link
      replace={false}
      to="/"
    >
      go home
    </Link>
  </h1>
</div>
`;
